// Jest Snapshot v1, https://goo.gl/fbAQLP

exports[`HeaderSection renders 1`] = `
<div
  className="headerSection"
>
  <h1
    className="title"
  >
    test-title
  </h1>
  <div
    className="subtitle"
  >
    <React.Fragment>
      test-description
    </React.Fragment>
  </div>
</div>
`;
