// Jest Snapshot v1, https://goo.gl/fbAQLP

exports[`LaunchPanelHeaderTest renders 1`] = `
<Header
  subtitle="test subtitle"
  title="test title"
>
  <React.Fragment>
    <FlaggedComponent
      enableJSXElement={
        <CustomizedIconButton
          ariaLabel="open debug tools"
          iconProps={
            Object {
              "iconName": "Cat",
            }
          }
        />
      }
      featureFlag="debugTools"
      featureFlagStoreData={Object {}}
    />
    <GearOptionsButtonComponent
      deps={
        Object {
          "dropdownClickHandler": Object {},
          "launchPanelHeaderClickHandler": Object {},
          "popupActionMessageCreator": Object {},
        }
      }
      featureFlagData={Object {}}
    />
    <HamburgerMenuButton
      deps={
        Object {
          "dropdownClickHandler": Object {},
          "launchPanelHeaderClickHandler": Object {},
          "popupActionMessageCreator": Object {},
        }
      }
      header={
        LaunchPanelHeader {
          "context": Object {},
          "props": Object {
            "deps": Object {
              "dropdownClickHandler": Object {},
              "launchPanelHeaderClickHandler": Object {},
              "popupActionMessageCreator": Object {},
            },
            "dropdownClickHandler": Object {},
            "featureFlags": Object {},
            "openAdhocToolsPanel": [Function],
            "openFeedbackDialog": Object {},
            "openGettingStartedDialog": Object {},
            "popupWindow": Object {},
            "subtitle": "test subtitle",
            "title": "test title",
          },
          "refs": Object {},
          "setState": [Function],
          "state": Object {},
          "updater": Updater {
            "_callbacks": Array [],
            "_renderer": ReactShallowRenderer {
              "_context": Object {},
              "_didScheduleRenderPhaseUpdate": false,
              "_dispatcher": Object {
                "readContext": [Function],
                "useCallback": [Function],
                "useContext": [Function],
                "useDebugValue": [Function],
                "useDeferredValue": [Function],
                "useEffect": [Function],
                "useImperativeHandle": [Function],
                "useLayoutEffect": [Function],
                "useMemo": [Function],
                "useReducer": [Function],
                "useRef": [Function],
                "useResponder": [Function],
                "useState": [Function],
                "useTransition": [Function],
              },
              "_element": <LaunchPanelHeader
                deps={
                  Object {
                    "dropdownClickHandler": Object {},
                    "launchPanelHeaderClickHandler": Object {},
                    "popupActionMessageCreator": Object {},
                  }
                }
                dropdownClickHandler={Object {}}
                featureFlags={Object {}}
                openAdhocToolsPanel={[Function]}
                openFeedbackDialog={Object {}}
                openGettingStartedDialog={Object {}}
                popupWindow={Object {}}
                subtitle="test subtitle"
                title="test title"
              />,
              "_firstWorkInProgressHook": null,
              "_forcedUpdate": false,
              "_instance": [Circular],
              "_isReRender": false,
              "_newState": null,
              "_numberOfReRenders": 0,
              "_renderPhaseUpdates": null,
              "_rendered": <Header
                subtitle="test subtitle"
                title="test title"
              >
                <React.Fragment>
                  <FlaggedComponent
                    enableJSXElement={
                      <CustomizedIconButton
                        ariaLabel="open debug tools"
                        iconProps={
                          Object {
                            "iconName": "Cat",
                          }
                        }
                      />
                    }
                    featureFlag="debugTools"
                    featureFlagStoreData={Object {}}
                  />
                  <GearOptionsButtonComponent
                    deps={
                      Object {
                        "dropdownClickHandler": Object {},
                        "launchPanelHeaderClickHandler": Object {},
                        "popupActionMessageCreator": Object {},
                      }
                    }
                    featureFlagData={Object {}}
                  />
                  <HamburgerMenuButton
                    deps={
                      Object {
                        "dropdownClickHandler": Object {},
                        "launchPanelHeaderClickHandler": Object {},
                        "popupActionMessageCreator": Object {},
                      }
                    }
                    header={[Circular]}
                    popupWindow={Object {}}
                  />
                </React.Fragment>
              </Header>,
              "_rendering": false,
              "_updater": [Circular],
              "_workInProgressHook": null,
            },
          },
        }
      }
      popupWindow={Object {}}
    />
  </React.Fragment>
</Header>
`;
