// Jest Snapshot v1, https://goo.gl/fbAQLP

exports[`DetailsListIssuesView should return issues table with scanning to false 1`] = `
<IssuesTable
  cardsViewData={
    Object {
      "allCardsCollapsed": true,
      "cards": Object {
        "fail": Array [
          Object {
            "description": "sample-description",
            "guidance": Array [
              Object {
                "href": "sample-guidance-href",
                "text": "sample-guidance-text",
              },
            ],
            "id": "some-rule",
            "nodes": Array [
              Object {
                "descriptors": Object {
                  "snippet": "this is a sample snippet",
                },
                "identifiers": Object {
                  "conciseName": "body img",
                  "css-selector": "body img",
                  "identifier": "body img",
                },
                "resolution": Object {
                  "how-to-fix-web": Object {
                    "all": Array [],
                    "any": Array [
                      "Element does not have an alt attribute",
                      "aria-label attribute does not exist or is empty",
                      "aria-labelledby attribute does not exist, references elements that do not exist or references elements that are empty",
                    ],
                    "none": Array [],
                  },
                  "howToFixSummary": "sample how to fix summary",
                },
                "ruleId": "image-alt",
                "status": "fail",
                "uid": "some-guid-here",
              },
            ],
            "url": "sample-url",
          },
        ],
        "inapplicable": Array [],
        "pass": Array [],
        "unknown": Array [],
      },
      "visualHelperEnabled": true,
    }
  }
  deps={
    Object {
      "detailsViewActionMessageCreator": Object {},
    }
  }
  featureFlags={Object {}}
  instancesSection={[Function]}
  issuesEnabled={true}
  scanning={false}
  stepsText="Step 0 of 3"
  subtitle={
    <React.Fragment>
      test subtitle
    </React.Fragment>
  }
  title="test title"
  visualizationStoreData={
    Object {
      "scanning": null,
      "tests": Object {},
    }
  }
/>
`;
