// Jest Snapshot v1, https://goo.gl/fbAQLP

exports[`LoadAssessmentFactory getLoadButtonForAssessment renders load assessment button 1`] = `<LoadAssessmentButton />`;
