// Jest Snapshot v1, https://goo.gl/fbAQLP

exports[`SaveAssessmentButton should render per the snapshot 1`] = `
<InsightsCommandButton
  download="download"
  href="url"
  iconProps={
    Object {
      "iconName": "Save",
    }
  }
  onClick={[Function]}
>
  Save assessment
</InsightsCommandButton>
`;
