// Jest Snapshot v1, https://goo.gl/fbAQLP

exports[`StaticContentDetailsViewTest renders content page component 1`] = `
"<div className=\\"staticContentInDetailsView\\">
  <h1>
    my test title
     test steps text 
    <ContentLink deps={[undefined]} reference={[Function: function () {
                        var args = [];
                        for (var _i = 0; _i < arguments.length; _i++) {
                            args[_i] = arguments[_i];
                        }
                        _this._interceptor.removeInvocation(invocation_1);
                        var method = new MethodInfo(target, p);
                        var methodInvocation = new MethodInvocation(target, method, args, ProxyType.DYNAMIC);
                        _this._interceptor.intercept(methodInvocation);
                        return methodInvocation.returnValue;
                    }]} iconName=\\"info\\" />
  </h1>
  <VisualizationToggle checked={true} onClick={[Function: proxy]} label=\\"my test toggle label\\" className=\\"detailsViewToggle\\" visualizationName=\\"my test title\\" />
  <ContentInclude deps={[undefined]} content={[Function: function () {
                      var args = [];
                      for (var _i = 0; _i < arguments.length; _i++) {
                          args[_i] = arguments[_i];
                      }
                      _this._interceptor.removeInvocation(invocation_1);
                      var method = new MethodInfo(target, p);
                      var methodInvocation = new MethodInvocation(target, method, args, ProxyType.DYNAMIC);
                      _this._interceptor.intercept(methodInvocation);
                      return methodInvocation.returnValue;
                  }]} />
</div>"
`;
