// Jest Snapshot v1, https://goo.gl/fbAQLP

exports[`LayeredDetailsDialogComponent renders per snapshot 1`] = `
<LayerHost
  dir="ltr"
  id="insights-dialog-layer-host"
>
  <DetailsDialog
    deps={
      Object {
        "getRTL": [Function],
      }
    }
    devToolActionMessageCreator="devToolActionMessageCreator"
  />
</LayerHost>
`;
